// Jest Snapshot v1, https://goo.gl/fbAQLP

exports[`<MultiSelect /> #showSelectAllBtn 1`] = `
<div
  className="ms-container"
>
   
  <div />
  <div
    className="ms-selectable"
  >
    <ul
      className="ms-list"
    >
      <li
        className="ms-elem-selectable"
        onClick={[Function]}
      >
        Element 1
         
      </li>
      <li
        className="ms-elem-selectable"
        onClick={[Function]}
      >
        Element 2
         
      </li>
      <li
        className="ms-elem-selectable"
        onClick={[Function]}
      >
        Element 3
         
      </li>
      <li
        className="ms-elem-selectable"
        onClick={[Function]}
      >
        Element 4
         
      </li>
      <li
        className="ms-elem-selectable"
        onClick={[Function]}
      >
        Element 5
         
      </li>
      <li
        className="ms-elem-selectable"
        onClick={[Function]}
      >
        Element 6
         
      </li>
      <li
        className="ms-elem-selectable"
        onClick={[Function]}
      >
        Element 7
         
      </li>
      <li
        className="ms-elem-selectable"
        onClick={[Function]}
      >
        Element 8
         
      </li>
      <li
        className="ms-elem-selectable"
        onClick={[Function]}
      >
        Element 9
         
      </li>
    </ul>
  </div>
  <div
    className="ms-selected"
  >
    <ul
      className="ms-list"
    />
  </div>
   
</div>
`;

exports[`<MultiSelect /> should render without crashing 1`] = `
<div
  className="ms-container"
>
   
  <div />
  <div
    className="ms-selectable"
  >
    <ul
      className="ms-list"
    >
      <li
        className="ms-elem-selectable"
        onClick={[Function]}
      >
        Element 1
         
      </li>
      <li
        className="ms-elem-selectable"
        onClick={[Function]}
      >
        Element 2
         
      </li>
      <li
        className="ms-elem-selectable"
        onClick={[Function]}
      >
        Element 3
         
      </li>
      <li
        className="ms-elem-selectable"
        onClick={[Function]}
      >
        Element 4
         
      </li>
      <li
        className="ms-elem-selectable"
        onClick={[Function]}
      >
        Element 5
         
      </li>
      <li
        className="ms-elem-selectable"
        onClick={[Function]}
      >
        Element 6
         
      </li>
      <li
        className="ms-elem-selectable"
        onClick={[Function]}
      >
        Element 7
         
      </li>
      <li
        className="ms-elem-selectable"
        onClick={[Function]}
      >
        Element 8
         
      </li>
      <li
        className="ms-elem-selectable"
        onClick={[Function]}
      >
        Element 9
         
      </li>
    </ul>
  </div>
  <div
    className="ms-selected"
  >
    <ul
      className="ms-list"
    />
  </div>
   
</div>
`;
